Line 6, binary boolean operator && has Non BOOLEAN type on RHS..
