Line 5, binary relation operator < has Non NUMBER type on RHS..
