Line 5, k: ACTUALS does not match FORMALS by type.
