Line 6, x: ACTUALS does not match FORMALS by type.
