Line 7, MAIN was already defined: main, at line 1.
