Line 5, binary boolean operator ! has Non BOOLEAN type..
